// Vitest Snapshot v1, https://vitest.dev/guide/snapshot.html

exports[`Word > should match snapshot 1`] = `
"<div data-v-88bbdb11="" class="word">
  <div data-v-88bbdb11="" class="letter not-found">p</div>
  <div data-v-88bbdb11="" class="letter not-found">a</div>
  <div data-v-88bbdb11="" class="letter not-found">t</div>
  <div data-v-88bbdb11="" class="letter not-found">a</div>
  <div data-v-88bbdb11="" class="letter not-found">t</div>
  <div data-v-88bbdb11="" class="letter not-found">e</div>
</div>"
`;
